// Jest Snapshot v1, https://goo.gl/fbAQLP

exports[`<Footer /> Should render correctly 1`] = `
<footer>
  <div
    className="Footer"
  >
    <div
      className="Footer__start"
    >
      <div
        className="Footer__links"
      >
        <div
          className="Footer__logo"
        >
          <a
            href="/"
          >
            <div
              aria-label="Hedvig logo"
              className="Footer__icon"
              role="img"
            />
          </a>
        </div>
        <nav
          className=""
        >
          <GatsbyLink
            className="Footer__link"
            to="/contact"
          >
            Kontakt
          </GatsbyLink>
          <GatsbyLink
            className="Footer__link"
            to="/legal"
          >
            Legal information
          </GatsbyLink>
        </nav>
      </div>
    </div>
    <div
      className="Footer__end"
    >
      <a
        className="Footer__appLink"
        href="https://itunes.apple.com/se/app/hedvig/id1303668531?mt=8"
        rel="noopener noreferrer"
        target="_blank"
      >
        <LazyLoad
          height={46}
          offset={200}
          once={false}
          overflow={false}
          resize={false}
          scroll={true}
          unmountIfInvisible={false}
        >
          <img
            alt="Ladda ner på App Store"
            height={54}
            src="/assets/web/appstores/app-store-badge@2x.png"
          />
        </LazyLoad>
      </a>
      <a
        className="Footer__appLink"
        href="https://play.google.com/store/apps/details?id=com.hedvig.app"
        rel="noopener noreferrer"
        target="_blank"
      >
        <LazyLoad
          height={46}
          offset={200}
          once={false}
          overflow={false}
          resize={false}
          scroll={true}
          unmountIfInvisible={false}
        >
          <img
            alt="Ladda ner på Google Play"
            height={54}
            src="/assets/web/appstores/google-play-badge@2x.png"
          />
        </LazyLoad>
      </a>
    </div>
  </div>
</footer>
`;
