// Jest Snapshot v1, https://goo.gl/fbAQLP

exports[`<Footer /> Should render correctly 1`] = `
<footer
  className="u-backgroundPrimaryDarkBlue"
>
  <div
    className="u-flexRow"
  >
    <div
      className="u-flexGrow1"
    >
      <div
        className="u-flexAlignItemsCenter u-flexJustifyStart"
      >
        <nav
          className=""
        >
          <GatsbyLink
            className="Footer__link u-linkBlock u-lg-fontSize9 u-colorWhite"
            to="/about-us"
          >
            Om hedvig
          </GatsbyLink>
          <GatsbyLink
            className="Footer__link u-linkBlock u-lg-fontSize9 u-colorWhite"
            to="/faq"
          >
            Vanliga frågor
          </GatsbyLink>
          <GatsbyLink
            className="Footer__link u-linkBlock u-lg-fontSize9 u-colorWhite"
            to="/contact"
          >
            Kontakt
          </GatsbyLink>
          <GatsbyLink
            className="Footer__link u-linkBlock u-lg-fontSize9 u-colorWhite"
            to="/legal"
          >
            Legal information
          </GatsbyLink>
        </nav>
      </div>
    </div>
  </div>
</footer>
`;
