// Jest Snapshot v1, https://goo.gl/fbAQLP

exports[`renders correctly 1`] = `
.emotion-9 {
  display: -webkit-box;
  display: -webkit-flex;
  display: -ms-flexbox;
  display: flex;
  margin: 20px;
  background-color: white;
  border-radius: 5px;
  box-shadow: -1px 0 10px rgba(0,0,0,0.14);
  overflow: hidden;
}

.emotion-5 {
  padding: 30px;
  width: 50%;
}

.emotion-0 {
  font-size: 40px;
  font-family: So Ray;
  margin-top: 20px;
  margin-bottom: 20px;
}

.emotion-4 {
  display: -webkit-box;
  display: -webkit-flex;
  display: -ms-flexbox;
  display: flex;
  -webkit-flex-wrap: wrap;
  -ms-flex-wrap: wrap;
  flex-wrap: wrap;
  margin-top: 20px;
  -webkit-box-pack: center;
  -webkit-justify-content: center;
  -ms-flex-pack: center;
  justify-content: center;
}

.emotion-3 {
  -webkit-box-flex: 1;
  -webkit-flex-grow: 1;
  -ms-flex-positive: 1;
  flex-grow: 1;
  width: 50%;
  height: 100px;
  cursor: pointer;
  -webkit-transition: color 500ms;
  transition: color 500ms;
  display: -webkit-box;
  display: -webkit-flex;
  display: -ms-flexbox;
  display: flex;
  -webkit-flex-direction: column;
  -ms-flex-direction: column;
  flex-direction: column;
  margin-bottom: 10px;
  color: #651EFF;
}

.emotion-1 {
  font-weight: 800;
}

.emotion-2 {
  margin-top: 5px;
  font-size: 15px;
}

.emotion-8 {
  width: 50%;
  overflow: hidden;
  position: relative;
}

.emotion-7 {
  position: absolute;
  top: -5%;
  left: -5%;
  width: 110%;
  height: 110%;
  will-change: transform;
  -webkit-animation: animation-3izfwu 0ms ease forwards;
  animation: animation-3izfwu 0ms ease forwards;
}

.emotion-6 {
  width: 100%;
  height: 100%;
  object-fit: cover;
}

<Component
  teamtailorUsers={
    Array [
      Object {
        "name": "mock",
        "picture": Object {
          "large": "https://mockimage.com",
        },
        "title": "mock",
      },
    ]
  }
>
  <Container
    actions={
      Object {
        "setSelectedImage": [Function],
      }
    }
    initialState={
      Object {
        "selectedImage": "https://mockimage.com",
        "users": Array [
          Object {
            "name": "mock",
            "picture": Object {
              "large": "https://mockimage.com",
            },
            "title": "mock",
          },
        ],
      }
    }
  >
    <InnerContainer
      actions={
        Object {
          "setSelectedImage": [Function],
        }
      }
      initialState={
        Object {
          "selectedImage": "https://mockimage.com",
          "users": Array [
            Object {
              "name": "mock",
              "picture": Object {
                "large": "https://mockimage.com",
              },
              "title": "mock",
            },
          ],
        }
      }
    >
      <Styled(div)>
        <div
          className="emotion-9"
        >
          <Component
            onSelect={[Function]}
            selectedImage="https://mockimage.com"
            users={
              Array [
                Object {
                  "name": "mock",
                  "picture": Object {
                    "large": "https://mockimage.com",
                  },
                  "title": "mock",
                },
              ]
            }
          >
            <Styled(div)>
              <div
                className="emotion-5"
              >
                <Styled(h3)>
                  <h3
                    className="emotion-0"
                  >
                    Hedvigers
                  </h3>
                </Styled(h3)>
                <Styled(ul)>
                  <ul
                    className="emotion-4"
                  >
                    <Styled(li)
                      active={true}
                      key="mock"
                      onClick={[Function]}
                    >
                      <li
                        className="emotion-3"
                        onClick={[Function]}
                      >
                        <Styled(span)>
                          <span
                            className="emotion-1"
                          >
                            mock
                          </span>
                        </Styled(span)>
                        <Styled(span)>
                          <span
                            className="emotion-2"
                          >
                            mock
                          </span>
                        </Styled(span)>
                      </li>
                    </Styled(li)>
                  </ul>
                </Styled(ul)>
              </div>
            </Styled(div)>
          </Component>
          <Component
            images={
              Array [
                "https://mockimage.com",
              ]
            }
            selectedImage="https://mockimage.com"
          >
            <Styled(div)>
              <div
                className="emotion-8"
              >
                <TransitionGroup
                  childFactory={[Function]}
                  component="div"
                >
                  <div>
                    <Transition
                      appear={false}
                      enter={true}
                      exit={true}
                      in={true}
                      key=".$https=2//mockimage.com"
                      mountOnEnter={false}
                      onEnter={[Function]}
                      onEntered={[Function]}
                      onEntering={[Function]}
                      onExit={[Function]}
                      onExited={[Function]}
                      onExiting={[Function]}
                      timeout={
                        Object {
                          "enter": 850,
                          "exit": 850,
                        }
                      }
                      unmountOnExit={false}
                    >
                      <Styled(div)
                        status="entered"
                      >
                        <div
                          className="emotion-7"
                        >
                          <Styled(img)
                            src="https://mockimage.com"
                          >
                            <img
                              className="emotion-6"
                              src="https://mockimage.com"
                            />
                          </Styled(img)>
                        </div>
                      </Styled(div)>
                    </Transition>
                  </div>
                </TransitionGroup>
              </div>
            </Styled(div)>
          </Component>
        </div>
      </Styled(div)>
    </InnerContainer>
  </Container>
</Component>
`;
